MemuHyperv COM Server 5.1.34 r121010 win.amd64 (May 22 2023 14:00:53) release log
00:00:00.006814 main     Log opened 2024-01-06T15:53:08.846402300Z
00:00:00.006814 main     Build Type: release
00:00:00.006814 main     OS Product: Windows 10
00:00:00.006814 main     OS Release: 10.0.19044
00:00:00.006814 main     OS Service Pack: 
00:00:00.027253 main     DMI Product Name: VivoBook_ASUSLaptop X515JA_X515JA
00:00:00.036987 main     DMI Product Version: 1.0       
00:00:00.036987 main     Host RAM: 7930MB (7.7GB) total, 2114MB (2.0GB) available
00:00:00.036987 main     Executable: D:\Program Files\Microvirt\MEmuHyperv\MEmuSVC.exe
00:00:00.036987 main     Process ID: 15920
00:00:00.036987 main     Package type: WINDOWS_64BITS_GENERIC (OSE)
00:00:00.038934          MemuHyperv: object creation starts
00:00:00.039907          Home directory: 'C:\Users\E-MAX PC Shop\.MemuHyperv'
00:00:00.039907          Installed Drivers:
00:00:00.044773            C:\Windows\system32\DRIVERS\MEmuDrv.sys (Version: 5.1.34.21010)
00:00:00.044773          Loading settings file "C:\Users\E-MAX PC Shop\.MemuHyperv\MemuHyperv.xml" with version "1.12-windows"
00:00:00.044773          USBLibInit: USB Service not found
00:00:00.120693          netIfGetBoundAdapters: could not find either 'maiwei_MEmuNetLwf' or 'sun_MEmuNetFlt' components (0x1)
00:00:00.133594          HostDnsMonitor: old information
00:00:00.133594            no server entries
00:00:00.133594            no domain set
00:00:00.133594            no search string entries
00:00:00.133594          HostDnsMonitor: new information
00:00:00.133594            server 1: 192.168.100.1
00:00:00.133594            no domain set
00:00:00.133594            no search string entries
00:00:00.133594          HostDnsMonitorProxy::notify
00:00:00.134569          VD: VDInit finished
00:00:00.134569          ERROR [COM]: aRC=E_FAIL (0x80004005) aIID={0eb668d2-495e-5a36-8890-29999b5f030a} aComponent={SystemPropertiesWrap} aText={Cannot determine default Guest Additions ISO location. Most likely they are not available}, preserve=false aResultDetail=0
00:00:00.135541          Loading settings file "D:\Program Files\Microvirt\MEmu\MemuHyperv VMs\MEmu\MEmu.memu" with version "1.15-windows"
00:00:00.136514          MemuHyperv: object created
00:00:01.017513          ERROR [COM]: aRC=MEMU_E_OBJECT_NOT_FOUND (0x80bb0001) aIID={b2547866-a0a1-4391-8b86-6952d82efaaa} aComponent={MachineWrap} aText={No storage device attached to device slot 0 on port 1 of controller 'IDE'}, preserve=false aResultDetail=0
00:00:01.017513          ERROR [COM]: aRC=MEMU_E_OBJECT_NOT_FOUND (0x80bb0001) aIID={b2547866-a0a1-4391-8b86-6952d82efaaa} aComponent={MachineWrap} aText={No storage device attached to device slot 0 on port 1 of controller 'IDE'}, preserve=false aResultDetail=0
00:00:01.017513          ERROR [COM]: aRC=MEMU_E_OBJECT_NOT_FOUND (0x80bb0001) aIID={b2547866-a0a1-4391-8b86-6952d82efaaa} aComponent={MachineWrap} aText={No storage device attached to device slot 1 on port 1 of controller 'IDE'}, preserve=false aResultDetail=0
00:00:01.017513          ERROR [COM]: aRC=MEMU_E_OBJECT_NOT_FOUND (0x80bb0001) aIID={b2547866-a0a1-4391-8b86-6952d82efaaa} aComponent={MachineWrap} aText={No storage device attached to device slot 1 on port 1 of controller 'IDE'}, preserve=false aResultDetail=0
00:00:08.261570          ERROR [COM]: aRC=MEMU_E_OBJECT_IN_USE (0x80bb000c) aIID={4afe423b-43e0-e9d0-82e8-ceb307940dd1} aComponent={MediumWrap} aText={Medium 'D:\Program Files\Microvirt\MEmu\MemuHyperv VMs\MEmu\MEmu96-2023121100027FFF-disk2.vmdk' cannot be closed because it is still attached to 1 virtual machines}, preserve=false aResultDetail=0
00:00:08.454922          ERROR [COM]: aRC=MEMU_E_OBJECT_NOT_FOUND (0x80bb0001) aIID={b2547866-a0a1-4391-8b86-6952d82efaaa} aComponent={MachineWrap} aText={No storage device attached to device slot 0 on port 1 of controller 'IDE'}, preserve=false aResultDetail=0
00:00:08.454922          ERROR [COM]: aRC=MEMU_E_OBJECT_NOT_FOUND (0x80bb0001) aIID={b2547866-a0a1-4391-8b86-6952d82efaaa} aComponent={MachineWrap} aText={No storage device attached to device slot 0 on port 1 of controller 'IDE'}, preserve=false aResultDetail=0
00:00:08.454922          ERROR [COM]: aRC=MEMU_E_OBJECT_NOT_FOUND (0x80bb0001) aIID={b2547866-a0a1-4391-8b86-6952d82efaaa} aComponent={MachineWrap} aText={No storage device attached to device slot 1 on port 1 of controller 'IDE'}, preserve=false aResultDetail=0
00:00:08.454922          ERROR [COM]: aRC=MEMU_E_OBJECT_NOT_FOUND (0x80bb0001) aIID={b2547866-a0a1-4391-8b86-6952d82efaaa} aComponent={MachineWrap} aText={No storage device attached to device slot 1 on port 1 of controller 'IDE'}, preserve=false aResultDetail=0
00:00:08.492798          ERROR [COM]: aRC=MEMU_E_OBJECT_NOT_FOUND (0x80bb0001) aIID={b2547866-a0a1-4391-8b86-6952d82efaaa} aComponent={MachineWrap} aText={No storage device attached to device slot 0 on port 1 of controller 'IDE'}, preserve=false aResultDetail=0
00:00:08.492798          ERROR [COM]: aRC=MEMU_E_OBJECT_NOT_FOUND (0x80bb0001) aIID={b2547866-a0a1-4391-8b86-6952d82efaaa} aComponent={MachineWrap} aText={No storage device attached to device slot 0 on port 1 of controller 'IDE'}, preserve=false aResultDetail=0
00:00:08.493794          ERROR [COM]: aRC=MEMU_E_OBJECT_NOT_FOUND (0x80bb0001) aIID={b2547866-a0a1-4391-8b86-6952d82efaaa} aComponent={MachineWrap} aText={No storage device attached to device slot 1 on port 1 of controller 'IDE'}, preserve=false aResultDetail=0
00:00:08.493794          ERROR [COM]: aRC=MEMU_E_OBJECT_NOT_FOUND (0x80bb0001) aIID={b2547866-a0a1-4391-8b86-6952d82efaaa} aComponent={MachineWrap} aText={No storage device attached to device slot 1 on port 1 of controller 'IDE'}, preserve=false aResultDetail=0
00:00:08.746582          WARNING [COM]: aRC=E_FAIL (0x80004005) aIID={afca788c-4477-787d-60b2-3fa70e56fbba} aComponent={HostWrap} aText={Could not load the Host USB Proxy Service (VERR_FILE_NOT_FOUND). The service might not be installed on the host computer}, preserve=true  aResultDetail=0
00:00:41.961071 main     MemuHyperv: object deletion starts
00:00:41.962103 main     ERROR [COM]: aRC=MEMU_E_OBJECT_IN_USE (0x80bb000c) aIID={4afe423b-43e0-e9d0-82e8-ceb307940dd1} aComponent={MediumWrap} aText={Medium 'D:\Program Files\Microvirt\MEmu\MemuHyperv VMs\MEmu\MEmu96-2023121100027FFF-disk2.vmdk' cannot be closed because it is still attached to 1 virtual machines}, preserve=false aResultDetail=0
00:00:41.964966 Watcher  ERROR [COM]: aRC=E_ACCESSDENIED (0x80070005) aIID={0169423f-46b4-cde9-91af-1e9d5b6cd94a} aComponent={MemuHypervWrap} aText={The object is not ready}, preserve=false aResultDetail=0
00:00:41.964966 main     MemuHyperv: object deleted
